{x1(z),x1(p),x1(m),w,x2(z),x2(p),x2(m),x3(z),x3(p),x3(m),x4(z),x4(p),x4(m),x5(z),x5(p),x5(m),x6(z),x6(p),x6(m),x7(z),x7(p),x7(m),x8(z),x8(p),x8(m)}
