{}
{in(a)}
{in(c)}
{in(d)}
{in(a),in(c)}
{in(a),in(d)}
