{austrian_phone("123+4345"), austrian_phone("+4312345"), phonenumber("123+4345"), phonenumber("+4912345"), phonenumber("+4312345")}
