{a,nb,nc,d}
{na,nb,c,d}
{a,nb,c,d}
{na,b,c,nd}
{a,b,nc,nd}
{na,b,nc,nd}
{a,nb,nc,nd}
{na,nb,c,nd}
