{xa(z),xb(z),xc(z),xa(p),xb(p),xc(p),xa(m),xb(m),xc(m),w}
