{smaller("bar","foo"), smaller(1,2), smaller(abc,abe)}
