{fullstring("abcd"), stringpair("ab","cd"), fullstring("35"), intpair(3,5)}
