{nx1,nx2,x3,nx4,x5,x6,nx7,nx8,x9,x10}
{nx1,nx2,x3,nx4,x5,x6,nx7,x8,x9,x10}
{nx1,x2,nx3,nx4,x5,x6,nx7,nx8,nx9,nx10}
{nx1,x2,nx3,x4,nx5,x6,nx7,nx8,nx9,nx10}
{nx1,x2,nx3,x4,x5,x6,nx7,nx8,nx9,nx10}
{nx1,x2,x3,x4,nx5,x6,x7,x8,nx9,nx10}
{x1,x2,nx3,nx4,x5,x6,nx7,nx8,nx9,nx10}
{x1,x2,nx3,x4,x5,x6,nx7,nx8,nx9,nx10}
