{owner("ec11312386ad561674f724b8cca7cf1796e26d1d"), mailbox("abcde")}
