{day("26"), month("04"), year("2006"), date("2006-04-26")}
